[INFO] [1788767783.997524473] [tf2_echo]: Waiting for transform world ->  turtle1: Invalid frame ID "world" passed to canTransform argument target_frame - frame does not exist
[INFO] [1788767785.756827666] [tf2_echo]: Waiting for transform world ->  turtle1: Invalid frame ID "world" passed to canTransform argument target_frame - frame does not exist
At time 1788767786.753031098
- Translation: [5.544, 5.544, 0.000]
- Rotation: in Quaternion (xyzw) [0.000, 0.000, 0.000, 1.000]
- Rotation: in RPY (radian) [0.000, -0.000, 0.000]
- Rotation: in RPY (degree) [0.000, -0.000, 0.000]
- Matrix:
  1.000  0.000  0.000  5.544
  0.000  1.000  0.000  5.544
  0.000  0.000  1.000  0.000
  0.000  0.000  0.000  1.000
At time 1788767787.745711688
- Translation: [5.544, 5.544, 0.000]
- Rotation: in Quaternion (xyzw) [0.000, 0.000, 0.000, 1.000]
- Rotation: in RPY (radian) [0.000, -0.000, 0.000]
- Rotation: in RPY (degree) [0.000, -0.000, 0.000]
- Matrix:
  1.000  0.000  0.000  5.544
  0.000  1.000  0.000  5.544
  0.000  0.000  1.000  0.000
  0.000  0.000  0.000  1.000
[INFO] [1788767788.507389565] [rclcpp]: signal_handler(SIGINT/SIGTERM)
