Recorded high launch: four required nodes, publish_rate=10.0, warn_distance=8.0, warning_count=0
Recorded low launch: four required nodes, publish_rate=10.0, warn_distance=1.0, warning_count=169
Recorded main-launch/YAML evidence verified; relevant launch/config source hashes still match.
Reusing the verified prior main-launch/YAML observations; only namespace runtime is repeated.
/_ros2cli_daemon_62_f0dbcd96fed94b50bad01f30a02733cb
/distance_publisher
/module2_graph_observer
/turtle2/distance_publisher
FAIL persistent graph after 15 seconds; missing: ['/turtlesim']
namespace_extra_graph_observation_exit=1
Additional namespace graph observation was incomplete; this is recorded separately from the required namespace topic/data checks.
All required names observed in one graph snapshot: ['/turtle1/pose', '/turtle2/pose', '/turtle2/turtle_distance', '/turtle_distance']
/parameter_events
/rosout
/turtle1/cmd_vel
/turtle1/color_sensor
/turtle1/pose
/turtle2/cmd_vel
/turtle2/color_sensor
/turtle2/pose
/turtle2/turtle_distance
/turtle_distance
High-threshold warnings: 0
Low-threshold warnings: 169
Same YAML file edited in place; build/install non-cache file manifests unchanged.
Main/YAML evidence mode: --namespace-only
Additional namespace graph observation exit: 1 (separate from required checks)
turtle1: pose=(5.544445, 5.544445), distance=7.841029, hypot=7.841029
turtle2: pose=(2.000000, 2.000000), distance=2.828427, hypot=2.828427
Additional namespace graph snapshot: ['/_ros2cli_daemon_62_f0dbcd96fed94b50bad01f30a02733cb', '/distance_publisher', '/module2_graph_observer', '/turtle2/distance_publisher']
Names not observed in that snapshot: ['/turtlesim']
PASS namespace routes distinct live pose streams to their respective distance topics
PASS problem 9 runtime checks
STEP_COMPLETE problem=9 token=1788767693305468501_20051_2583
