[INFO] [launch]: All log files can be found below /home/chsjh/.ros/log/2026-09-07-16-54-56-774604-PA12-20113
[INFO] [launch]: Default logging verbosity is set to INFO
[INFO] [turtlesim_node-1]: process started with pid [20121]
[INFO] [distance_publisher-2]: process started with pid [20123]
[INFO] [distance_publisher-3]: process started with pid [20125]
[turtlesim_node-1] [INFO] [1788767697.135142694] [turtlesim]: Starting turtlesim with node name /turtlesim
[turtlesim_node-1] [INFO] [1788767697.143161767] [turtlesim]: Spawning turtle [turtle1] at x=[5.544445], y=[5.544445], theta=[0.000000]
[distance_publisher-3] [INFO] [1788767697.674616828] [turtle2.distance_publisher]: distance publisher: /turtle2/pose -> turtle_distance, 10.0 Hz, reliable/volatile
[distance_publisher-2] [INFO] [1788767697.710023680] [distance_publisher]: distance publisher: /turtle1/pose -> /turtle_distance, 10.0 Hz, reliable/volatile
[INFO] [ros2-4]: process started with pid [20169]
[ros2-4] requester: making request: turtlesim.srv.Spawn_Request(x=2.0, y=2.0, theta=0.0, name='turtle2')
[ros2-4] 
[turtlesim_node-1] [INFO] [1788767699.787223163] [turtlesim]: Spawning turtle [turtle2] at x=[2.000000], y=[2.000000], theta=[0.000000]
[ros2-4] response:
[ros2-4] turtlesim.srv.Spawn_Response(name='turtle2')
[ros2-4] 
[INFO] [ros2-4]: process has finished cleanly [pid 20169]
[turtlesim_node-1] [INFO] [1788767738.755045451] [rclcpp]: signal_handler(SIGINT/SIGTERM)
[INFO] [turtlesim_node-1]: process has finished cleanly [pid 20121]
[INFO] [distance_publisher-2]: process has finished cleanly [pid 20123]
[INFO] [distance_publisher-3]: process has finished cleanly [pid 20125]
