[INFO] [1788765073.470370414] [draw_polygon_server]: DrawPolygon action server ready on /draw_polygon; cmd_vel=/turtle1/cmd_vel
[INFO] [1788765074.404695245] [draw_polygon_server]: gains stored: kp=5.00, ki=0.00, kd=0.00
[INFO] [1788765075.261953225] [draw_polygon_server]: accepting polygon: 3 sides, 0.70 m each
[INFO] [1788765075.270575857] [draw_polygon_server]: polygon side 1/3 target: x=6.244, y=5.544
[INFO] [1788765077.250838570] [draw_polygon_server]: polygon side 1/3; progress=0.33
[INFO] [1788765078.959160450] [draw_polygon_server]: polygon side 2/3 target: x=5.867, y=6.151
[INFO] [1788765080.949115350] [draw_polygon_server]: polygon side 2/3; progress=0.67
[INFO] [1788765082.596233953] [draw_polygon_server]: polygon side 3/3 target: x=5.531, y=5.520
[INFO] [1788765084.538489872] [draw_polygon_server]: polygon side 3/3; progress=1.00
[INFO] [1788765086.245080205] [draw_polygon_server]: polygon completed; total distance=2.01 m
[INFO] [1788765088.879094509] [draw_polygon_server]: accepting polygon: 5 sides, 0.70 m each
[INFO] [1788765088.889012654] [draw_polygon_server]: polygon side 1/5 target: x=6.244, y=5.544
[INFO] [1788765090.873832775] [draw_polygon_server]: polygon side 1/5; progress=0.20
[INFO] [1788765092.012906218] [draw_polygon_server]: polygon side 2/5 target: x=6.433, y=6.210
[INFO] [1788765093.974691370] [draw_polygon_server]: polygon side 2/5; progress=0.40
[INFO] [1788765095.107603942] [draw_polygon_server]: polygon side 3/5 target: x=5.858, y=6.594
[INFO] [1788765097.082425625] [draw_polygon_server]: polygon side 3/5; progress=0.60
[INFO] [1788765098.204767374] [draw_polygon_server]: polygon side 4/5 target: x=5.314, y=6.167
[INFO] [1788765100.191870768] [draw_polygon_server]: polygon side 4/5; progress=0.80
[INFO] [1788765101.360082843] [draw_polygon_server]: polygon side 5/5 target: x=5.553, y=5.517
[INFO] [1788765103.373432422] [draw_polygon_server]: polygon side 5/5; progress=1.00
[INFO] [1788765104.498275883] [draw_polygon_server]: polygon completed; total distance=3.36 m
[INFO] [1788765107.132700645] [draw_polygon_server]: accepting polygon: 8 sides, 0.70 m each
[INFO] [1788765107.145535694] [draw_polygon_server]: polygon side 1/8 target: x=6.244, y=5.544
[INFO] [1788765109.082102963] [draw_polygon_server]: polygon side 1/8; progress=0.12
[INFO] [1788765109.899123414] [draw_polygon_server]: polygon side 2/8 target: x=6.709, y=6.039
[INFO] [1788765111.849886910] [draw_polygon_server]: polygon side 2/8; progress=0.25
[INFO] [1788765112.679211070] [draw_polygon_server]: polygon side 3/8 target: x=6.688, y=6.718
[INFO] [1788765114.665676029] [draw_polygon_server]: polygon side 3/8; progress=0.38
[INFO] [1788765115.486786945] [draw_polygon_server]: polygon side 4/8 target: x=6.194, y=7.187
[INFO] [1788765117.476589754] [draw_polygon_server]: polygon side 4/8; progress=0.50
[INFO] [1788765118.326659967] [draw_polygon_server]: polygon side 5/8 target: x=5.513, y=7.168
[INFO] [1788765120.316454229] [draw_polygon_server]: polygon side 5/8; progress=0.62
[INFO] [1788765121.146704940] [draw_polygon_server]: polygon side 6/8 target: x=5.044, y=6.673
[INFO] [1788765123.128946680] [draw_polygon_server]: polygon side 6/8; progress=0.75
[INFO] [1788765123.964757430] [draw_polygon_server]: polygon side 7/8 target: x=5.063, y=5.991
[INFO] [1788765125.947092741] [draw_polygon_server]: polygon side 7/8; progress=0.88
[INFO] [1788765126.815279331] [draw_polygon_server]: polygon side 8/8 target: x=5.558, y=5.523
[INFO] [1788765128.796771057] [draw_polygon_server]: polygon side 8/8; progress=1.00
[INFO] [1788765129.632179551] [draw_polygon_server]: polygon completed; total distance=5.38 m
[INFO] [1788765132.270889031] [draw_polygon_server]: accepting polygon: 6 sides, 1.00 m each
[INFO] [1788765132.286780719] [draw_polygon_server]: polygon side 1/6 target: x=6.544, y=5.544
[WARN] [1788765132.849418063] [draw_polygon_server]: polygon cancel request accepted; turtle stopped
[WARN] [1788765132.911846383] [draw_polygon_server]: polygon canceled after 0 complete side(s); distance=0.48 m
