Type: turtle_interfaces/msg/WaypointList

Publisher count: 1

Node name: transient_local_waypoint_publisher
Node namespace: /
Topic type: turtle_interfaces/msg/WaypointList
Endpoint type: PUBLISHER
GID: 01.0f.09.ea.26.3e.c1.f9.00.00.00.00.00.00.11.03.00.00.00.00.00.00.00.00
QoS profile:
  Reliability: RELIABLE
  History (Depth): UNKNOWN
  Durability: TRANSIENT_LOCAL
  Lifespan: Infinite
  Deadline: Infinite
  Liveliness: AUTOMATIC
  Liveliness lease duration: Infinite

Subscription count: 1

Node name: transient_local_waypoint_subscriber
Node namespace: /
Topic type: turtle_interfaces/msg/WaypointList
Endpoint type: SUBSCRIPTION
GID: 01.0f.09.ea.49.3e.09.6e.00.00.00.00.00.00.11.04.00.00.00.00.00.00.00.00
QoS profile:
  Reliability: RELIABLE
  History (Depth): UNKNOWN
  Durability: TRANSIENT_LOCAL
  Lifespan: Infinite
  Deadline: Infinite
  Liveliness: AUTOMATIC
  Liveliness lease duration: Infinite

