Type: turtle_interfaces/msg/WaypointList

Publisher count: 1

Node name: volatile_waypoint_publisher
Node namespace: /
Topic type: turtle_interfaces/msg/WaypointList
Endpoint type: PUBLISHER
GID: 01.0f.09.ea.90.3e.d2.24.00.00.00.00.00.00.11.03.00.00.00.00.00.00.00.00
QoS profile:
  Reliability: RELIABLE
  History (Depth): UNKNOWN
  Durability: VOLATILE
  Lifespan: Infinite
  Deadline: Infinite
  Liveliness: AUTOMATIC
  Liveliness lease duration: Infinite

Subscription count: 1

Node name: volatile_waypoint_subscriber
Node namespace: /
Topic type: turtle_interfaces/msg/WaypointList
Endpoint type: SUBSCRIPTION
GID: 01.0f.09.ea.b3.3e.bd.de.00.00.00.00.00.00.11.04.00.00.00.00.00.00.00.00
QoS profile:
  Reliability: RELIABLE
  History (Depth): UNKNOWN
  Durability: VOLATILE
  Lifespan: Infinite
  Deadline: Infinite
  Liveliness: AUTOMATIC
  Liveliness lease duration: Infinite

