Type: std_msgs/msg/Float32

Publisher count: 1

Node name: _NODE_NAME_UNKNOWN_
Node namespace: _NODE_NAMESPACE_UNKNOWN_
Topic type: std_msgs/msg/Float32
Endpoint type: PUBLISHER
GID: 01.0f.09.ea.28.38.b3.aa.00.00.00.00.00.00.12.03.00.00.00.00.00.00.00.00
QoS profile:
  Reliability: RELIABLE
  History (Depth): UNKNOWN
  Durability: VOLATILE
  Lifespan: Infinite
  Deadline: Infinite
  Liveliness: AUTOMATIC
  Liveliness lease duration: Infinite

Subscription count: 1

Node name: cpp_distance_subscriber
Node namespace: /
Topic type: std_msgs/msg/Float32
Endpoint type: SUBSCRIPTION
GID: 01.0f.09.ea.b7.36.3c.cf.00.00.00.00.00.00.12.04.00.00.00.00.00.00.00.00
QoS profile:
  Reliability: RELIABLE
  History (Depth): UNKNOWN
  Durability: VOLATILE
  Lifespan: Infinite
  Deadline: Infinite
  Liveliness: AUTOMATIC
  Liveliness lease duration: Infinite

