/usr/bin/cmake -S/mnt/c/Desktop/coding/physicalai-lv1-최성진/lv1_module2/cpp_basics/sensors -B/mnt/c/Desktop/coding/_PRIVATE_PHYSICALAI/module2_current_verify/run_20260907_153840_10932/problem2/build --check-build-system CMakeFiles/Makefile.cmake 0
/usr/bin/cmake -E cmake_progress_start /mnt/c/Desktop/coding/_PRIVATE_PHYSICALAI/module2_current_verify/run_20260907_153840_10932/problem2/build/CMakeFiles /mnt/c/Desktop/coding/_PRIVATE_PHYSICALAI/module2_current_verify/run_20260907_153840_10932/problem2/build//CMakeFiles/progress.marks
/usr/bin/gmake  -f CMakeFiles/Makefile2 all
gmake[1]: Entering directory '/mnt/c/Desktop/coding/_PRIVATE_PHYSICALAI/module2_current_verify/run_20260907_153840_10932/problem2/build'
/usr/bin/gmake  -f CMakeFiles/sensors_app.dir/build.make CMakeFiles/sensors_app.dir/depend
gmake[2]: Entering directory '/mnt/c/Desktop/coding/_PRIVATE_PHYSICALAI/module2_current_verify/run_20260907_153840_10932/problem2/build'
cd /mnt/c/Desktop/coding/_PRIVATE_PHYSICALAI/module2_current_verify/run_20260907_153840_10932/problem2/build && /usr/bin/cmake -E cmake_depends "Unix Makefiles" /mnt/c/Desktop/coding/physicalai-lv1-최성진/lv1_module2/cpp_basics/sensors /mnt/c/Desktop/coding/physicalai-lv1-최성진/lv1_module2/cpp_basics/sensors /mnt/c/Desktop/coding/_PRIVATE_PHYSICALAI/module2_current_verify/run_20260907_153840_10932/problem2/build /mnt/c/Desktop/coding/_PRIVATE_PHYSICALAI/module2_current_verify/run_20260907_153840_10932/problem2/build /mnt/c/Desktop/coding/_PRIVATE_PHYSICALAI/module2_current_verify/run_20260907_153840_10932/problem2/build/CMakeFiles/sensors_app.dir/DependInfo.cmake --color=
gmake[2]: Leaving directory '/mnt/c/Desktop/coding/_PRIVATE_PHYSICALAI/module2_current_verify/run_20260907_153840_10932/problem2/build'
/usr/bin/gmake  -f CMakeFiles/sensors_app.dir/build.make CMakeFiles/sensors_app.dir/build
gmake[2]: Entering directory '/mnt/c/Desktop/coding/_PRIVATE_PHYSICALAI/module2_current_verify/run_20260907_153840_10932/problem2/build'
[ 16%] Building CXX object CMakeFiles/sensors_app.dir/main.cpp.o
/usr/bin/c++  -I/mnt/c/Desktop/coding/physicalai-lv1-최성진/lv1_module2/cpp_basics/sensors -g -Wall -Wextra -Wpedantic -Wnon-virtual-dtor -std=c++17 -MD -MT CMakeFiles/sensors_app.dir/main.cpp.o -MF CMakeFiles/sensors_app.dir/main.cpp.o.d -o CMakeFiles/sensors_app.dir/main.cpp.o -c /mnt/c/Desktop/coding/physicalai-lv1-최성진/lv1_module2/cpp_basics/sensors/main.cpp
[ 33%] Linking CXX executable sensors_app
/usr/bin/cmake -E cmake_link_script CMakeFiles/sensors_app.dir/link.txt --verbose=1
/usr/bin/c++ -g CMakeFiles/sensors_app.dir/main.cpp.o -o sensors_app 
gmake[2]: Leaving directory '/mnt/c/Desktop/coding/_PRIVATE_PHYSICALAI/module2_current_verify/run_20260907_153840_10932/problem2/build'
[ 33%] Built target sensors_app
/usr/bin/gmake  -f CMakeFiles/sensors_asan.dir/build.make CMakeFiles/sensors_asan.dir/depend
gmake[2]: Entering directory '/mnt/c/Desktop/coding/_PRIVATE_PHYSICALAI/module2_current_verify/run_20260907_153840_10932/problem2/build'
cd /mnt/c/Desktop/coding/_PRIVATE_PHYSICALAI/module2_current_verify/run_20260907_153840_10932/problem2/build && /usr/bin/cmake -E cmake_depends "Unix Makefiles" /mnt/c/Desktop/coding/physicalai-lv1-최성진/lv1_module2/cpp_basics/sensors /mnt/c/Desktop/coding/physicalai-lv1-최성진/lv1_module2/cpp_basics/sensors /mnt/c/Desktop/coding/_PRIVATE_PHYSICALAI/module2_current_verify/run_20260907_153840_10932/problem2/build /mnt/c/Desktop/coding/_PRIVATE_PHYSICALAI/module2_current_verify/run_20260907_153840_10932/problem2/build /mnt/c/Desktop/coding/_PRIVATE_PHYSICALAI/module2_current_verify/run_20260907_153840_10932/problem2/build/CMakeFiles/sensors_asan.dir/DependInfo.cmake --color=
gmake[2]: Leaving directory '/mnt/c/Desktop/coding/_PRIVATE_PHYSICALAI/module2_current_verify/run_20260907_153840_10932/problem2/build'
/usr/bin/gmake  -f CMakeFiles/sensors_asan.dir/build.make CMakeFiles/sensors_asan.dir/build
gmake[2]: Entering directory '/mnt/c/Desktop/coding/_PRIVATE_PHYSICALAI/module2_current_verify/run_20260907_153840_10932/problem2/build'
[ 50%] Building CXX object CMakeFiles/sensors_asan.dir/main.cpp.o
/usr/bin/c++  -I/mnt/c/Desktop/coding/physicalai-lv1-최성진/lv1_module2/cpp_basics/sensors -g -Wall -Wextra -Wpedantic -Wnon-virtual-dtor -fsanitize=address -fno-omit-frame-pointer -std=c++17 -MD -MT CMakeFiles/sensors_asan.dir/main.cpp.o -MF CMakeFiles/sensors_asan.dir/main.cpp.o.d -o CMakeFiles/sensors_asan.dir/main.cpp.o -c /mnt/c/Desktop/coding/physicalai-lv1-최성진/lv1_module2/cpp_basics/sensors/main.cpp
[ 66%] Linking CXX executable sensors_asan
/usr/bin/cmake -E cmake_link_script CMakeFiles/sensors_asan.dir/link.txt --verbose=1
/usr/bin/c++ -g -fsanitize=address CMakeFiles/sensors_asan.dir/main.cpp.o -o sensors_asan 
gmake[2]: Leaving directory '/mnt/c/Desktop/coding/_PRIVATE_PHYSICALAI/module2_current_verify/run_20260907_153840_10932/problem2/build'
[ 66%] Built target sensors_asan
/usr/bin/gmake  -f CMakeFiles/sensors_no_virtual.dir/build.make CMakeFiles/sensors_no_virtual.dir/depend
gmake[2]: Entering directory '/mnt/c/Desktop/coding/_PRIVATE_PHYSICALAI/module2_current_verify/run_20260907_153840_10932/problem2/build'
cd /mnt/c/Desktop/coding/_PRIVATE_PHYSICALAI/module2_current_verify/run_20260907_153840_10932/problem2/build && /usr/bin/cmake -E cmake_depends "Unix Makefiles" /mnt/c/Desktop/coding/physicalai-lv1-최성진/lv1_module2/cpp_basics/sensors /mnt/c/Desktop/coding/physicalai-lv1-최성진/lv1_module2/cpp_basics/sensors /mnt/c/Desktop/coding/_PRIVATE_PHYSICALAI/module2_current_verify/run_20260907_153840_10932/problem2/build /mnt/c/Desktop/coding/_PRIVATE_PHYSICALAI/module2_current_verify/run_20260907_153840_10932/problem2/build /mnt/c/Desktop/coding/_PRIVATE_PHYSICALAI/module2_current_verify/run_20260907_153840_10932/problem2/build/CMakeFiles/sensors_no_virtual.dir/DependInfo.cmake --color=
gmake[2]: Leaving directory '/mnt/c/Desktop/coding/_PRIVATE_PHYSICALAI/module2_current_verify/run_20260907_153840_10932/problem2/build'
/usr/bin/gmake  -f CMakeFiles/sensors_no_virtual.dir/build.make CMakeFiles/sensors_no_virtual.dir/build
gmake[2]: Entering directory '/mnt/c/Desktop/coding/_PRIVATE_PHYSICALAI/module2_current_verify/run_20260907_153840_10932/problem2/build'
[ 83%] Building CXX object CMakeFiles/sensors_no_virtual.dir/main.cpp.o
/usr/bin/c++ -DSENSOR_DEMO_NON_VIRTUAL_DESTRUCTOR -I/mnt/c/Desktop/coding/physicalai-lv1-최성진/lv1_module2/cpp_basics/sensors -g -Wall -Wextra -Wpedantic -Wnon-virtual-dtor -fsanitize=address -fno-omit-frame-pointer -std=c++17 -MD -MT CMakeFiles/sensors_no_virtual.dir/main.cpp.o -MF CMakeFiles/sensors_no_virtual.dir/main.cpp.o.d -o CMakeFiles/sensors_no_virtual.dir/main.cpp.o -c /mnt/c/Desktop/coding/physicalai-lv1-최성진/lv1_module2/cpp_basics/sensors/main.cpp
[100%] Linking CXX executable sensors_no_virtual
/usr/bin/cmake -E cmake_link_script CMakeFiles/sensors_no_virtual.dir/link.txt --verbose=1
/usr/bin/c++ -g -fsanitize=address CMakeFiles/sensors_no_virtual.dir/main.cpp.o -o sensors_no_virtual 
gmake[2]: Leaving directory '/mnt/c/Desktop/coding/_PRIVATE_PHYSICALAI/module2_current_verify/run_20260907_153840_10932/problem2/build'
[100%] Built target sensors_no_virtual
gmake[1]: Leaving directory '/mnt/c/Desktop/coding/_PRIVATE_PHYSICALAI/module2_current_verify/run_20260907_153840_10932/problem2/build'
/usr/bin/cmake -E cmake_progress_start /mnt/c/Desktop/coding/_PRIVATE_PHYSICALAI/module2_current_verify/run_20260907_153840_10932/problem2/build/CMakeFiles 0
